12:24:00 **** Incremental Build of configuration Debug for project mpu_test ****
make all 
'Building target: mpu_test.elf'
'Invoking: MicroBlaze gcc linker'
mb-gcc -Wl,-T -Wl,../src/lscript.ld -L../../mpu_test_bsp/microblaze_0/lib -mlittle-endian -mcpu=v11.0 -mxl-soft-mul -Wl,--no-relax -Wl,--gc-sections -o "mpu_test.elf"  ./src/km_axis.o ./src/km_gpio.o ./src/main.o   -Wl,--start-group,-lxil,-lgcc,-lc,--end-group
e:/xilinx/sdk/2019.1/gnu/microblaze/nt/bin/../lib/gcc/microblaze-xilinx-elf/8.2.0/../../../../microblaze-xilinx-elf/bin/ld.exe: mpu_test.elf section `.stack' will not fit in region `microblaze_0_local_memory_ilmb_bram_if_cntlr_Mem_microblaze_0_local_memory_dlmb_bram_if_cntlr_Mem'
e:/xilinx/sdk/2019.1/gnu/microblaze/nt/bin/../lib/gcc/microblaze-xilinx-elf/8.2.0/../../../../microblaze-xilinx-elf/bin/ld.exe: region `microblaze_0_local_memory_ilmb_bram_if_cntlr_Mem_microblaze_0_local_memory_dlmb_bram_if_cntlr_Mem' overflowed by 56 bytes
collect2.exe: error: ld returned 1 exit status
make: *** [makefile:38: mpu_test.elf] Error 1
12:24:30 **** Incremental Build of configuration Debug for project mpu_test ****
make all 
'Building target: mpu_test.elf'
'Invoking: MicroBlaze gcc linker'
mb-gcc -Wl,-T -Wl,../src/lscript.ld -L../../mpu_test_bsp/microblaze_0/lib -mlittle-endian -mcpu=v11.0 -mxl-soft-mul -Wl,--no-relax -Wl,--gc-sections -o "mpu_test.elf"  ./src/km_axis.o ./src/km_gpio.o ./src/main.o   -Wl,--start-group,-lxil,-lgcc,-lc,--end-group
e:/xilinx/sdk/2019.1/gnu/microblaze/nt/bin/../lib/gcc/microblaze-xilinx-elf/8.2.0/../../../../microblaze-xilinx-elf/bin/ld.exe: mpu_test.elf section `.stack' will not fit in region `microblaze_0_local_memory_ilmb_bram_if_cntlr_Mem_microblaze_0_local_memory_dlmb_bram_if_cntlr_Mem'
e:/xilinx/sdk/2019.1/gnu/microblaze/nt/bin/../lib/gcc/microblaze-xilinx-elf/8.2.0/../../../../microblaze-xilinx-elf/bin/ld.exe: region `microblaze_0_local_memory_ilmb_bram_if_cntlr_Mem_microblaze_0_local_memory_dlmb_bram_if_cntlr_Mem' overflowed by 56 bytes
collect2.exe: error: ld returned 1 exit status
make: *** [makefile:38: mpu_test.elf] Error 1
12:26:50 **** Auto Build of configuration Debug for project mpu_test ****
make all 
'Building file: ../src/main.c'
'Invoking: MicroBlaze gcc compiler'
mb-gcc -Wall -O0 -g3 -c -fmessage-length=0 -MT"src/main.o" -I../../mpu_test_bsp/microblaze_0/include -mlittle-endian -mcpu=v11.0 -mxl-soft-mul -Wl,--no-relax -ffunction-sections -fdata-sections -MMD -MP -MF"src/main.d" -MT"src/main.o" -o "src/main.o" "../src/main.c"
'Finished building: ../src/main.c'
' '
'Building target: mpu_test.elf'
'Invoking: MicroBlaze gcc linker'
mb-gcc -Wl,-T -Wl,../src/lscript.ld -L../../mpu_test_bsp/microblaze_0/lib -mlittle-endian -mcpu=v11.0 -mxl-soft-mul -Wl,--no-relax -Wl,--gc-sections -o "mpu_test.elf"  ./src/km_axis.o ./src/km_gpio.o ./src/main.o   -Wl,--start-group,-lxil,-lgcc,-lc,--end-group
'Finished building target: mpu_test.elf'
' '
'Invoking: MicroBlaze Print Size'
mb-size mpu_test.elf  |tee "mpu_test.elf.size"
   text	   data	    bss	    dec	    hex	filename
   4292	    288	   3116	   7696	   1e10	mpu_test.elf
'Finished building: mpu_test.elf.size'
' '
12:26:55 **** Incremental Build of configuration Debug for project mpu_test ****
make all 
make: Nothing to be done for 'all'.
12:29:41 **** Auto Build of configuration Debug for project mpu_test ****
make all 
'Building file: ../src/main.c'
'Invoking: MicroBlaze gcc compiler'
mb-gcc -Wall -O0 -g3 -c -fmessage-length=0 -MT"src/main.o" -I../../mpu_test_bsp/microblaze_0/include -mlittle-endian -mcpu=v11.0 -mxl-soft-mul -Wl,--no-relax -ffunction-sections -fdata-sections -MMD -MP -MF"src/main.d" -MT"src/main.o" -o "src/main.o" "../src/main.c"
'Finished building: ../src/main.c'
' '
'Building target: mpu_test.elf'
'Invoking: MicroBlaze gcc linker'
mb-gcc -Wl,-T -Wl,../src/lscript.ld -L../../mpu_test_bsp/microblaze_0/lib -mlittle-endian -mcpu=v11.0 -mxl-soft-mul -Wl,--no-relax -Wl,--gc-sections -o "mpu_test.elf"  ./src/km_axis.o ./src/km_gpio.o ./src/main.o   -Wl,--start-group,-lxil,-lgcc,-lc,--end-group
'Finished building target: mpu_test.elf'
' '
'Invoking: MicroBlaze Print Size'
mb-size mpu_test.elf  |tee "mpu_test.elf.size"
   text	   data	    bss	    dec	    hex	filename
   4252	    288	   3116	   7656	   1de8	mpu_test.elf
'Finished building: mpu_test.elf.size'
' '
12:31:45 **** Auto Build of configuration Debug for project mpu_test ****
make all 
'Building file: ../src/main.c'
'Invoking: MicroBlaze gcc compiler'
mb-gcc -Wall -O0 -g3 -c -fmessage-length=0 -MT"src/main.o" -I../../mpu_test_bsp/microblaze_0/include -mlittle-endian -mcpu=v11.0 -mxl-soft-mul -Wl,--no-relax -ffunction-sections -fdata-sections -MMD -MP -MF"src/main.d" -MT"src/main.o" -o "src/main.o" "../src/main.c"
'Finished building: ../src/main.c'
' '
'Building target: mpu_test.elf'
'Invoking: MicroBlaze gcc linker'
mb-gcc -Wl,-T -Wl,../src/lscript.ld -L../../mpu_test_bsp/microblaze_0/lib -mlittle-endian -mcpu=v11.0 -mxl-soft-mul -Wl,--no-relax -Wl,--gc-sections -o "mpu_test.elf"  ./src/km_axis.o ./src/km_gpio.o ./src/main.o   -Wl,--start-group,-lxil,-lgcc,-lc,--end-group
'Finished building target: mpu_test.elf'
' '
'Invoking: MicroBlaze Print Size'
mb-size mpu_test.elf  |tee "mpu_test.elf.size"
   text	   data	    bss	    dec	    hex	filename
   4344	    288	   3112	   7744	   1e40	mpu_test.elf
'Finished building: mpu_test.elf.size'
' '
12:35:43 **** Auto Build of configuration Debug for project mpu_test ****
make all 
'Building file: ../src/km_axis.c'
'Invoking: MicroBlaze gcc compiler'
mb-gcc -Wall -O0 -g3 -c -fmessage-length=0 -MT"src/km_axis.o" -I../../mpu_test_bsp/microblaze_0/include -mlittle-endian -mcpu=v11.0 -mxl-soft-mul -Wl,--no-relax -ffunction-sections -fdata-sections -MMD -MP -MF"src/km_axis.d" -MT"src/km_axis.o" -o "src/km_axis.o" "../src/km_axis.c"
../src/km_axis.c:33:6: error: conflicting types for 'Multiply'
 void Multiply(unsigned int indexA, unsigned int indexB, unsigned int bias){
      ^~~~~~~~
In file included from ../src/km_axis.c:7:
../src/km_axis.h:38:6: note: previous declaration of 'Multiply' was here
 void Multiply(unsigned int indexA, unsigned int indexB);
      ^~~~~~~~
make: *** [src/subdir.mk:29: src/km_axis.o] Error 1
12:36:17 **** Auto Build of configuration Debug for project mpu_test ****
make all 
'Building file: ../src/km_axis.c'
'Invoking: MicroBlaze gcc compiler'
mb-gcc -Wall -O0 -g3 -c -fmessage-length=0 -MT"src/km_axis.o" -I../../mpu_test_bsp/microblaze_0/include -mlittle-endian -mcpu=v11.0 -mxl-soft-mul -Wl,--no-relax -ffunction-sections -fdata-sections -MMD -MP -MF"src/km_axis.d" -MT"src/km_axis.o" -o "src/km_axis.o" "../src/km_axis.c"
../src/km_axis.c:33:6: error: conflicting types for 'Multiply'
 void Multiply(unsigned int indexA, unsigned int indexB, unsigned int bias){
      ^~~~~~~~
In file included from ../src/km_axis.c:7:
../src/km_axis.h:38:6: note: previous declaration of 'Multiply' was here
 void Multiply(unsigned int indexA, unsigned int indexB);
      ^~~~~~~~
make: *** [src/subdir.mk:29: src/km_axis.o] Error 1
12:36:29 **** Auto Build of configuration Debug for project mpu_test ****
make all 
'Building file: ../src/km_axis.c'
'Invoking: MicroBlaze gcc compiler'
mb-gcc -Wall -O0 -g3 -c -fmessage-length=0 -MT"src/km_axis.o" -I../../mpu_test_bsp/microblaze_0/include -mlittle-endian -mcpu=v11.0 -mxl-soft-mul -Wl,--no-relax -ffunction-sections -fdata-sections -MMD -MP -MF"src/km_axis.d" -MT"src/km_axis.o" -o "src/km_axis.o" "../src/km_axis.c"
'Finished building: ../src/km_axis.c'
' '
'Building file: ../src/main.c'
'Invoking: MicroBlaze gcc compiler'
mb-gcc -Wall -O0 -g3 -c -fmessage-length=0 -MT"src/main.o" -I../../mpu_test_bsp/microblaze_0/include -mlittle-endian -mcpu=v11.0 -mxl-soft-mul -Wl,--no-relax -ffunction-sections -fdata-sections -MMD -MP -MF"src/main.d" -MT"src/main.o" -o "src/main.o" "../src/main.c"
../src/main.c: In function 'main':
../src/main.c:48:2: error: too few arguments to function 'Multiply'
  Multiply(0, 2);
  ^~~~~~~~
In file included from ../src/main.c:13:
../src/km_axis.h:38:6: note: declared here
 void Multiply(unsigned int indexA, unsigned int indexB, unsigned int bias);
      ^~~~~~~~
make: *** [src/subdir.mk:29: src/main.o] Error 1
12:36:41 **** Auto Build of configuration Debug for project mpu_test ****
make all 
'Building file: ../src/main.c'
'Invoking: MicroBlaze gcc compiler'
mb-gcc -Wall -O0 -g3 -c -fmessage-length=0 -MT"src/main.o" -I../../mpu_test_bsp/microblaze_0/include -mlittle-endian -mcpu=v11.0 -mxl-soft-mul -Wl,--no-relax -ffunction-sections -fdata-sections -MMD -MP -MF"src/main.d" -MT"src/main.o" -o "src/main.o" "../src/main.c"
'Finished building: ../src/main.c'
' '
'Building target: mpu_test.elf'
'Invoking: MicroBlaze gcc linker'
mb-gcc -Wl,-T -Wl,../src/lscript.ld -L../../mpu_test_bsp/microblaze_0/lib -mlittle-endian -mcpu=v11.0 -mxl-soft-mul -Wl,--no-relax -Wl,--gc-sections -o "mpu_test.elf"  ./src/km_axis.o ./src/km_gpio.o ./src/main.o   -Wl,--start-group,-lxil,-lgcc,-lc,--end-group
'Finished building target: mpu_test.elf'
' '
'Invoking: MicroBlaze Print Size'
mb-size mpu_test.elf  |tee "mpu_test.elf.size"
   text	   data	    bss	    dec	    hex	filename
   4360	    288	   3112	   7760	   1e50	mpu_test.elf
'Finished building: mpu_test.elf.size'
' '
12:36:51 **** Auto Build of configuration Debug for project mpu_test ****
make all 
'Building file: ../src/km_axis.c'
'Invoking: MicroBlaze gcc compiler'
mb-gcc -Wall -O0 -g3 -c -fmessage-length=0 -MT"src/km_axis.o" -I../../mpu_test_bsp/microblaze_0/include -mlittle-endian -mcpu=v11.0 -mxl-soft-mul -Wl,--no-relax -ffunction-sections -fdata-sections -MMD -MP -MF"src/km_axis.d" -MT"src/km_axis.o" -o "src/km_axis.o" "../src/km_axis.c"
../src/km_axis.c:33:6: error: conflicting types for 'Multiply'
 void Multiply(unsigned int indexA, unsigned int indexB, unsigned int bias){
      ^~~~~~~~
In file included from ../src/km_axis.c:7:
../src/km_axis.h:38:6: note: previous declaration of 'Multiply' was here
 void Multiply(unsigned int indexA, unsigned int indexB, int bias);
      ^~~~~~~~
make: *** [src/subdir.mk:29: src/km_axis.o] Error 1
12:36:56 **** Auto Build of configuration Debug for project mpu_test ****
make all 
'Building file: ../src/km_axis.c'
'Invoking: MicroBlaze gcc compiler'
mb-gcc -Wall -O0 -g3 -c -fmessage-length=0 -MT"src/km_axis.o" -I../../mpu_test_bsp/microblaze_0/include -mlittle-endian -mcpu=v11.0 -mxl-soft-mul -Wl,--no-relax -ffunction-sections -fdata-sections -MMD -MP -MF"src/km_axis.d" -MT"src/km_axis.o" -o "src/km_axis.o" "../src/km_axis.c"
'Finished building: ../src/km_axis.c'
' '
'Building file: ../src/main.c'
'Invoking: MicroBlaze gcc compiler'
mb-gcc -Wall -O0 -g3 -c -fmessage-length=0 -MT"src/main.o" -I../../mpu_test_bsp/microblaze_0/include -mlittle-endian -mcpu=v11.0 -mxl-soft-mul -Wl,--no-relax -ffunction-sections -fdata-sections -MMD -MP -MF"src/main.d" -MT"src/main.o" -o "src/main.o" "../src/main.c"
'Finished building: ../src/main.c'
' '
'Building target: mpu_test.elf'
'Invoking: MicroBlaze gcc linker'
mb-gcc -Wl,-T -Wl,../src/lscript.ld -L../../mpu_test_bsp/microblaze_0/lib -mlittle-endian -mcpu=v11.0 -mxl-soft-mul -Wl,--no-relax -Wl,--gc-sections -o "mpu_test.elf"  ./src/km_axis.o ./src/km_gpio.o ./src/main.o   -Wl,--start-group,-lxil,-lgcc,-lc,--end-group
'Finished building target: mpu_test.elf'
' '
'Invoking: MicroBlaze Print Size'
mb-size mpu_test.elf  |tee "mpu_test.elf.size"
   text	   data	    bss	    dec	    hex	filename
   4360	    288	   3112	   7760	   1e50	mpu_test.elf
'Finished building: mpu_test.elf.size'
' '
12:37:03 **** Auto Build of configuration Debug for project mpu_test ****
make all 
'Building file: ../src/km_axis.c'
'Invoking: MicroBlaze gcc compiler'
mb-gcc -Wall -O0 -g3 -c -fmessage-length=0 -MT"src/km_axis.o" -I../../mpu_test_bsp/microblaze_0/include -mlittle-endian -mcpu=v11.0 -mxl-soft-mul -Wl,--no-relax -ffunction-sections -fdata-sections -MMD -MP -MF"src/km_axis.d" -MT"src/km_axis.o" -o "src/km_axis.o" "../src/km_axis.c"
'Finished building: ../src/km_axis.c'
' '
'Building target: mpu_test.elf'
'Invoking: MicroBlaze gcc linker'
mb-gcc -Wl,-T -Wl,../src/lscript.ld -L../../mpu_test_bsp/microblaze_0/lib -mlittle-endian -mcpu=v11.0 -mxl-soft-mul -Wl,--no-relax -Wl,--gc-sections -o "mpu_test.elf"  ./src/km_axis.o ./src/km_gpio.o ./src/main.o   -Wl,--start-group,-lxil,-lgcc,-lc,--end-group
'Finished building target: mpu_test.elf'
' '
'Invoking: MicroBlaze Print Size'
mb-size mpu_test.elf  |tee "mpu_test.elf.size"
   text	   data	    bss	    dec	    hex	filename
   4356	    288	   3116	   7760	   1e50	mpu_test.elf
'Finished building: mpu_test.elf.size'
' '
12:37:14 **** Incremental Build of configuration Debug for project mpu_test ****
make all 
make: Nothing to be done for 'all'.
12:38:09 **** Auto Build of configuration Debug for project mpu_test ****
make all 
'Building file: ../src/km_axis.c'
'Invoking: MicroBlaze gcc compiler'
mb-gcc -Wall -O0 -g3 -c -fmessage-length=0 -MT"src/km_axis.o" -I../../mpu_test_bsp/microblaze_0/include -mlittle-endian -mcpu=v11.0 -mxl-soft-mul -Wl,--no-relax -ffunction-sections -fdata-sections -MMD -MP -MF"src/km_axis.d" -MT"src/km_axis.o" -o "src/km_axis.o" "../src/km_axis.c"
'Finished building: ../src/km_axis.c'
' '
'Building target: mpu_test.elf'
'Invoking: MicroBlaze gcc linker'
mb-gcc -Wl,-T -Wl,../src/lscript.ld -L../../mpu_test_bsp/microblaze_0/lib -mlittle-endian -mcpu=v11.0 -mxl-soft-mul -Wl,--no-relax -Wl,--gc-sections -o "mpu_test.elf"  ./src/km_axis.o ./src/km_gpio.o ./src/main.o   -Wl,--start-group,-lxil,-lgcc,-lc,--end-group
'Finished building target: mpu_test.elf'
' '
'Invoking: MicroBlaze Print Size'
mb-size mpu_test.elf  |tee "mpu_test.elf.size"
   text	   data	    bss	    dec	    hex	filename
   4356	    288	   3116	   7760	   1e50	mpu_test.elf
'Finished building: mpu_test.elf.size'
' '
12:38:14 **** Incremental Build of configuration Debug for project mpu_test ****
make all 
make: Nothing to be done for 'all'.
12:42:45 **** Auto Build of configuration Debug for project mpu_test ****
make all 
'Building file: ../src/main.c'
'Invoking: MicroBlaze gcc compiler'
mb-gcc -Wall -O0 -g3 -c -fmessage-length=0 -MT"src/main.o" -I../../mpu_test_bsp/microblaze_0/include -mlittle-endian -mcpu=v11.0 -mxl-soft-mul -Wl,--no-relax -ffunction-sections -fdata-sections -MMD -MP -MF"src/main.d" -MT"src/main.o" -o "src/main.o" "../src/main.c"
../src/main.c: In function 'main':
../src/main.c:43:38: warning: passing argument 6 of 'Load' makes pointer from integer without a cast [-Wint-conversion]
  Load(BUFFER_A, 0, 0, 1, 3, outbuffer[0]);
                             ~~~~~~~~~^~~
In file included from ../src/main.c:13:
../src/km_axis.h:37:129: note: expected 'volatile int *' but argument is of type 'int'
 void Load(unsigned int buffer, unsigned int indexA, unsigned int indexB, unsigned int rows, unsigned int columns, volatile int *data);
                                                                                                                   ~~~~~~~~~~~~~~^~~~
../src/main.c:55:38: warning: passing argument 6 of 'Load' makes pointer from integer without a cast [-Wint-conversion]
  Load(BUFFER_B, 0, 2, 3, 3, outbuffer[3]);
                             ~~~~~~~~~^~~
In file included from ../src/main.c:13:
../src/km_axis.h:37:129: note: expected 'volatile int *' but argument is of type 'int'
 void Load(unsigned int buffer, unsigned int indexA, unsigned int indexB, unsigned int rows, unsigned int columns, volatile int *data);
                                                                                                                   ~~~~~~~~~~~~~~^~~~
../src/main.c:64:36: warning: passing argument 3 of 'CompareResults' makes pointer from integer without a cast [-Wint-conversion]
  if(!CompareResults(1, 3, outbuffer[12])){
                           ~~~~~~~~~^~~~
In file included from ../src/main.c:13:
../src/km_axis.h:39:74: note: expected 'volatile int *' but argument is of type 'int'
 u8 CompareResults(unsigned int rows, unsigned int columns, volatile int *data);
                                                            ~~~~~~~~~~~~~~^~~~
'Finished building: ../src/main.c'
' '
'Building target: mpu_test.elf'
'Invoking: MicroBlaze gcc linker'
mb-gcc -Wl,-T -Wl,../src/lscript.ld -L../../mpu_test_bsp/microblaze_0/lib -mlittle-endian -mcpu=v11.0 -mxl-soft-mul -Wl,--no-relax -Wl,--gc-sections -o "mpu_test.elf"  ./src/km_axis.o ./src/km_gpio.o ./src/main.o   -Wl,--start-group,-lxil,-lgcc,-lc,--end-group
'Finished building target: mpu_test.elf'
' '
'Invoking: MicroBlaze Print Size'
mb-size mpu_test.elf  |tee "mpu_test.elf.size"
   text	   data	    bss	    dec	    hex	filename
   4356	    288	   3116	   7760	   1e50	mpu_test.elf
'Finished building: mpu_test.elf.size'
' '
12:42:54 **** Auto Build of configuration Debug for project mpu_test ****
make all 
'Building file: ../src/main.c'
'Invoking: MicroBlaze gcc compiler'
mb-gcc -Wall -O0 -g3 -c -fmessage-length=0 -MT"src/main.o" -I../../mpu_test_bsp/microblaze_0/include -mlittle-endian -mcpu=v11.0 -mxl-soft-mul -Wl,--no-relax -ffunction-sections -fdata-sections -MMD -MP -MF"src/main.d" -MT"src/main.o" -o "src/main.o" "../src/main.c"
../src/main.c: In function 'main':
../src/main.c:43:29: error: invalid type argument of unary '*' (have 'int')
  Load(BUFFER_A, 0, 0, 1, 3, *outbuffer[0]);
                             ^~~~~~~~~~~~~
../src/main.c:55:29: error: invalid type argument of unary '*' (have 'int')
  Load(BUFFER_B, 0, 2, 3, 3, *outbuffer[3]);
                             ^~~~~~~~~~~~~
../src/main.c:64:27: error: invalid type argument of unary '*' (have 'int')
  if(!CompareResults(1, 3, *outbuffer[12])){
                           ^~~~~~~~~~~~~~
make: *** [src/subdir.mk:29: src/main.o] Error 1
12:43:04 **** Auto Build of configuration Debug for project mpu_test ****
make all 
'Building file: ../src/main.c'
'Invoking: MicroBlaze gcc compiler'
mb-gcc -Wall -O0 -g3 -c -fmessage-length=0 -MT"src/main.o" -I../../mpu_test_bsp/microblaze_0/include -mlittle-endian -mcpu=v11.0 -mxl-soft-mul -Wl,--no-relax -ffunction-sections -fdata-sections -MMD -MP -MF"src/main.d" -MT"src/main.o" -o "src/main.o" "../src/main.c"
'Finished building: ../src/main.c'
' '
'Building target: mpu_test.elf'
'Invoking: MicroBlaze gcc linker'
mb-gcc -Wl,-T -Wl,../src/lscript.ld -L../../mpu_test_bsp/microblaze_0/lib -mlittle-endian -mcpu=v11.0 -mxl-soft-mul -Wl,--no-relax -Wl,--gc-sections -o "mpu_test.elf"  ./src/km_axis.o ./src/km_gpio.o ./src/main.o   -Wl,--start-group,-lxil,-lgcc,-lc,--end-group
'Finished building target: mpu_test.elf'
' '
'Invoking: MicroBlaze Print Size'
mb-size mpu_test.elf  |tee "mpu_test.elf.size"
   text	   data	    bss	    dec	    hex	filename
   4364	    288	   3116	   7768	   1e58	mpu_test.elf
'Finished building: mpu_test.elf.size'
' '
12:43:08 **** Incremental Build of configuration Debug for project mpu_test ****
make all 
make: Nothing to be done for 'all'.
12:43:42 **** Auto Build of configuration Debug for project mpu_test ****
make all 
'Building file: ../src/main.c'
'Invoking: MicroBlaze gcc compiler'
mb-gcc -Wall -O0 -g3 -c -fmessage-length=0 -MT"src/main.o" -I../../mpu_test_bsp/microblaze_0/include -mlittle-endian -mcpu=v11.0 -mxl-soft-mul -Wl,--no-relax -ffunction-sections -fdata-sections -MMD -MP -MF"src/main.d" -MT"src/main.o" -o "src/main.o" "../src/main.c"
'Finished building: ../src/main.c'
' '
'Building target: mpu_test.elf'
'Invoking: MicroBlaze gcc linker'
mb-gcc -Wl,-T -Wl,../src/lscript.ld -L../../mpu_test_bsp/microblaze_0/lib -mlittle-endian -mcpu=v11.0 -mxl-soft-mul -Wl,--no-relax -Wl,--gc-sections -o "mpu_test.elf"  ./src/km_axis.o ./src/km_gpio.o ./src/main.o   -Wl,--start-group,-lxil,-lgcc,-lc,--end-group
'Finished building target: mpu_test.elf'
' '
'Invoking: MicroBlaze Print Size'
mb-size mpu_test.elf  |tee "mpu_test.elf.size"
   text	   data	    bss	    dec	    hex	filename
   4364	    288	   3116	   7768	   1e58	mpu_test.elf
'Finished building: mpu_test.elf.size'
' '
12:48:45 **** Auto Build of configuration Debug for project mpu_test ****
make all 
'Building file: ../src/main.c'
'Invoking: MicroBlaze gcc compiler'
mb-gcc -Wall -O0 -g3 -c -fmessage-length=0 -MT"src/main.o" -I../../mpu_test_bsp/microblaze_0/include -mlittle-endian -mcpu=v11.0 -mxl-soft-mul -Wl,--no-relax -ffunction-sections -fdata-sections -MMD -MP -MF"src/main.d" -MT"src/main.o" -o "src/main.o" "../src/main.c"
'Finished building: ../src/main.c'
' '
'Building target: mpu_test.elf'
'Invoking: MicroBlaze gcc linker'
mb-gcc -Wl,-T -Wl,../src/lscript.ld -L../../mpu_test_bsp/microblaze_0/lib -mlittle-endian -mcpu=v11.0 -mxl-soft-mul -Wl,--no-relax -Wl,--gc-sections -o "mpu_test.elf"  ./src/km_axis.o ./src/km_gpio.o ./src/main.o   -Wl,--start-group,-lxil,-lgcc,-lc,--end-group
'Finished building target: mpu_test.elf'
' '
'Invoking: MicroBlaze Print Size'
mb-size mpu_test.elf  |tee "mpu_test.elf.size"
   text	   data	    bss	    dec	    hex	filename
   4476	    288	   3116	   7880	   1ec8	mpu_test.elf
'Finished building: mpu_test.elf.size'
' '
12:49:00 **** Incremental Build of configuration Debug for project mpu_test ****
make all 
make: Nothing to be done for 'all'.
12:49:34 **** Auto Build of configuration Debug for project mpu_test ****
make all 
'Building file: ../src/main.c'
'Invoking: MicroBlaze gcc compiler'
mb-gcc -Wall -O0 -g3 -c -fmessage-length=0 -MT"src/main.o" -I../../mpu_test_bsp/microblaze_0/include -mlittle-endian -mcpu=v11.0 -mxl-soft-mul -Wl,--no-relax -ffunction-sections -fdata-sections -MMD -MP -MF"src/main.d" -MT"src/main.o" -o "src/main.o" "../src/main.c"
'Finished building: ../src/main.c'
' '
'Building target: mpu_test.elf'
'Invoking: MicroBlaze gcc linker'
mb-gcc -Wl,-T -Wl,../src/lscript.ld -L../../mpu_test_bsp/microblaze_0/lib -mlittle-endian -mcpu=v11.0 -mxl-soft-mul -Wl,--no-relax -Wl,--gc-sections -o "mpu_test.elf"  ./src/km_axis.o ./src/km_gpio.o ./src/main.o   -Wl,--start-group,-lxil,-lgcc,-lc,--end-group
'Finished building target: mpu_test.elf'
' '
'Invoking: MicroBlaze Print Size'
mb-size mpu_test.elf  |tee "mpu_test.elf.size"
   text	   data	    bss	    dec	    hex	filename
   4476	    288	   3116	   7880	   1ec8	mpu_test.elf
'Finished building: mpu_test.elf.size'
' '
12:50:46 **** Auto Build of configuration Debug for project mpu_test ****
make all 
'Building file: ../src/km_axis.c'
'Invoking: MicroBlaze gcc compiler'
mb-gcc -Wall -O0 -g3 -c -fmessage-length=0 -MT"src/km_axis.o" -I../../mpu_test_bsp/microblaze_0/include -mlittle-endian -mcpu=v11.0 -mxl-soft-mul -Wl,--no-relax -ffunction-sections -fdata-sections -MMD -MP -MF"src/km_axis.d" -MT"src/km_axis.o" -o "src/km_axis.o" "../src/km_axis.c"
'Finished building: ../src/km_axis.c'
' '
'Building target: mpu_test.elf'
'Invoking: MicroBlaze gcc linker'
mb-gcc -Wl,-T -Wl,../src/lscript.ld -L../../mpu_test_bsp/microblaze_0/lib -mlittle-endian -mcpu=v11.0 -mxl-soft-mul -Wl,--no-relax -Wl,--gc-sections -o "mpu_test.elf"  ./src/km_axis.o ./src/km_gpio.o ./src/main.o   -Wl,--start-group,-lxil,-lgcc,-lc,--end-group
'Finished building target: mpu_test.elf'
' '
'Invoking: MicroBlaze Print Size'
mb-size mpu_test.elf  |tee "mpu_test.elf.size"
   text	   data	    bss	    dec	    hex	filename
   4476	    288	   3116	   7880	   1ec8	mpu_test.elf
'Finished building: mpu_test.elf.size'
' '
12:52:25 **** Auto Build of configuration Debug for project mpu_test ****
make all 
'Building file: ../src/km_axis.c'
'Invoking: MicroBlaze gcc compiler'
mb-gcc -Wall -O0 -g3 -c -fmessage-length=0 -MT"src/km_axis.o" -I../../mpu_test_bsp/microblaze_0/include -mlittle-endian -mcpu=v11.0 -mxl-soft-mul -Wl,--no-relax -ffunction-sections -fdata-sections -MMD -MP -MF"src/km_axis.d" -MT"src/km_axis.o" -o "src/km_axis.o" "../src/km_axis.c"
'Finished building: ../src/km_axis.c'
' '
'Building target: mpu_test.elf'
'Invoking: MicroBlaze gcc linker'
mb-gcc -Wl,-T -Wl,../src/lscript.ld -L../../mpu_test_bsp/microblaze_0/lib -mlittle-endian -mcpu=v11.0 -mxl-soft-mul -Wl,--no-relax -Wl,--gc-sections -o "mpu_test.elf"  ./src/km_axis.o ./src/km_gpio.o ./src/main.o   -Wl,--start-group,-lxil,-lgcc,-lc,--end-group
'Finished building target: mpu_test.elf'
' '
'Invoking: MicroBlaze Print Size'
mb-size mpu_test.elf  |tee "mpu_test.elf.size"
   text	   data	    bss	    dec	    hex	filename
   4472	    288	   3112	   7872	   1ec0	mpu_test.elf
'Finished building: mpu_test.elf.size'
' '
12:52:29 **** Auto Build of configuration Debug for project mpu_test ****
make all 
'Building file: ../src/main.c'
'Invoking: MicroBlaze gcc compiler'
mb-gcc -Wall -O0 -g3 -c -fmessage-length=0 -MT"src/main.o" -I../../mpu_test_bsp/microblaze_0/include -mlittle-endian -mcpu=v11.0 -mxl-soft-mul -Wl,--no-relax -ffunction-sections -fdata-sections -MMD -MP -MF"src/main.d" -MT"src/main.o" -o "src/main.o" "../src/main.c"
'Finished building: ../src/main.c'
' '
'Building target: mpu_test.elf'
'Invoking: MicroBlaze gcc linker'
mb-gcc -Wl,-T -Wl,../src/lscript.ld -L../../mpu_test_bsp/microblaze_0/lib -mlittle-endian -mcpu=v11.0 -mxl-soft-mul -Wl,--no-relax -Wl,--gc-sections -o "mpu_test.elf"  ./src/km_axis.o ./src/km_gpio.o ./src/main.o   -Wl,--start-group,-lxil,-lgcc,-lc,--end-group
'Finished building target: mpu_test.elf'
' '
'Invoking: MicroBlaze Print Size'
mb-size mpu_test.elf  |tee "mpu_test.elf.size"
   text	   data	    bss	    dec	    hex	filename
   4472	    288	   3112	   7872	   1ec0	mpu_test.elf
'Finished building: mpu_test.elf.size'
' '
12:52:39 **** Incremental Build of configuration Debug for project mpu_test ****
make all 
make: Nothing to be done for 'all'.
